ESP-ROM:esp32s3-20210327
Build:Mar 27 2021
rst:0x1 (POWERON),boot:0x8 (SPI_FAST_FLASH_BOOT)
SPIWP:0xee
mode:DIO, clock div:1
load:0x3fce2820,len:0x14f0
load:0x403c8700,len:0xda0
load:0x403cb700,len:0x2f58
entry 0x403c8908
I (21) boot: ESP-IDF v6.1-dev-3669-gc32c7152ef 2nd stage bootloader
I (21) boot: compile time Apr  4 2026 18:34:59
I (22) boot: Multicore bootloader
I (23) boot: chip revision: v0.2
I (26) boot: efuse block revision: v1.3
I (30) boot.esp32s3: Boot SPI Speed : 80MHz
I (34) boot.esp32s3: SPI Mode       : DIO
I (37) boot.esp32s3: SPI Flash Size : 2MB
I (41) boot: Enabling RNG early entropy source...
I (46) boot: Partition Table:
I (48) boot: ## Label            Usage          Type ST Offset   Length
I (55) boot:  0 nvs              WiFi data        01 02 00009000 00006000
I (61) boot:  1 phy_init         RF data          01 01 0000f000 00001000
I (68) boot:  2 factory          factory app      00 00 00010000 00100000
I (74) boot: End of partition table
I (77) esp_image: segment 0: paddr=00010020 vaddr=3c030020 size=0fa0ch ( 64012) map
I (96) esp_image: segment 1: paddr=0001fa34 vaddr=3fc90e00 size=005e4h (  1508) load
I (97) esp_image: segment 2: paddr=00020020 vaddr=42000020 size=29c5ch (171100) map
I (131) esp_image: segment 3: paddr=00049c84 vaddr=3fc913e4 size=02cd8h ( 11480) load
I (133) esp_image: segment 4: paddr=0004c964 vaddr=40374000 size=0cd74h ( 52596) load
I (146) esp_image: segment 5: paddr=000596e0 vaddr=50000000 size=00024h (    36) load
I (152) boot: Loaded app from partition at offset 0x10000
I (152) boot: Disabling RNG early entropy source...
I (164) cpu_start: Multicore app
I (172) cpu_start: GPIO 44 and 43 are used as console UART I/O pins
I (173) cpu_start: Pro cpu start user code
I (173) cpu_start: cpu freq: 160000000 Hz
I (175) app_init: Application information:
I (179) app_init: Project name:     charm
I (182) app_init: App version:      ce0023b
I (186) app_init: Compile time:     Apr  4 2026 18:35:40
I (191) app_init: ELF file SHA256:  222dcad3d...
I (196) app_init: ESP-IDF:          v6.1-dev-3669-gc32c7152ef
I (201) efuse_init: Min chip rev:     v0.0
I (205) efuse_init: Max chip rev:     v0.99 
I (209) efuse_init: Chip rev:         v0.2
I (213) heap_init: Initializing. RAM available for dynamic allocation:
I (219) heap_init: At 3FC950D0 len 00054640 (337 KiB): RAM
I (224) heap_init: At 3FCE9710 len 00005724 (21 KiB): RAM
I (229) heap_init: At 3FCF0000 len 00008000 (32 OPEN /dev/cu.usbmodem5B5E0200881
REQUEST_SENT
KiB): DRAM
I (234) heap_init: At 600FE000 len 00001FE8 (7 KiB): RTCRAM
I (241) spi_flash: detected chip: boya
I (243) spi_flash: flash io: dio
W (246) spi_flash: Detected size(16384k) larger than the size in the binary image header(2048k). Using the size in the binary image header.
I (259) sleep_gpio: Configure to isolate all GPIO pins in sleep state
I (265) sleep_gpio: Enable automatic switching of GPIO sleep configuration
I (272) main_task: Started on CPU0
I (282) main_task: Calling app_main()
I (292) charm_usb_host: Installing USB host stack
I (322) charm_usb_host: USB host stack ready
I (322) runtime_data_plane: usb status state=3 contract=1 reason=0
I (322) main_task: Returned from app_main()

PROBE_DONE
BYTES=3221
